====================================================================================================
Z19 — czy eksperyment na grubszym interwale może cokolwiek rozstrzygnąć?
====================================================================================================
koszt C = 0.0900%  |  walk-forward 60/14/14 dni  |  MIN_TRAIN_ROWS = 30

interwał  lat  okno test reżim  świec reżimu  n (górne ogr.)  na fold fold >= 30? break_even trzeba zmierzyć  n dla mocy 80% moc wystarcza?
      5m  3.0         14 range         66996           62105    862.6         tak     82.81%           83.2%              16            tak
      5m  3.0         14 trend          1636            1516     21.1         NIE     60.96%          63.47%             161            tak
      1h  5.6         14 range         12070           11596     83.4         tak      55.5%          56.41%             647            tak
      1h  5.6         14 trend           166             159      1.1         NIE     52.92%          60.69%            2300            NIE
      4h  6.8         28 range          4212            4076     48.0         tak      52.3%          53.84%            3700            tak
      4h  6.8         28 trend            85              82      1.0         NIE     51.27%           62.1%           12079            NIE

[legenda]
  n (górne ogr.)  - wszystkie świece reżimu w oknach testowych; REALNE n będzie MNIEJSZE
                    (odpadają brak sygnału, bramka kosztowa, foldy < MIN_TRAIN_ROWS)
  na fold         - średnio świec reżimu na jeden fold testowy; poniżej MIN_TRAIN_ROWS
                    fold jest POMIJANY przez backtest.engine
  trzeba zmierzyć - trafność, przy której DOLNY kraniec 95% CI przekracza break_even,
                    czyli minimum, by uczciwie orzec rentowność
  n dla mocy 80%  - liczba transakcji potrzebna, by odróżnić break_even od 50%

====================================================================================================
WNIOSEK — wykonalność per konfiguracja
====================================================================================================
  5m  range  -> WYKONALNE
      trzeba zmierzyć trafność >= 83.20% (break-even 82.81%)
  5m  trend  -> NIEWYKONALNE: foldy za małe (21.1 < 30 świec/fold)
      trzeba zmierzyć trafność >= 63.47% (break-even 60.96%)
  1h  range  -> WYKONALNE
      trzeba zmierzyć trafność >= 56.41% (break-even 55.50%)
  1h  trend  -> NIEWYKONALNE: foldy za małe (1.1 < 30 świec/fold); za mała próba (n<=159 vs wymagane 2300)
      trzeba zmierzyć trafność >= 60.69% (break-even 52.92%)
  4h  range  -> WYKONALNE
      trzeba zmierzyć trafność >= 53.84% (break-even 52.30%)
  4h  trend  -> NIEWYKONALNE: foldy za małe (1.0 < 30 świec/fold); za mała próba (n<=82 vs wymagane 12079)
      trzeba zmierzyć trafność >= 62.10% (break-even 51.27%)
