========================================================================================================
NL1 — SHORT NA NOWYCH KONTRAKTACH USDT-M PRZEZ 14 DNI; konfiguracja ZAMROŻONA
========================================================================================================
dane   : 569 zdarzeń (pierwsze listingi krypto USDT-M z archiwum data.binance.vision, d0 2021-01-19 → 2026-06-04, wycofane włącznie)
         dodatkowe wykluczenia (przed przebiegiem): {'archiwum spóźnione względem onboardDate (> 1 dzień)': 17, 'brak fundingu w archiwum': 3}
reguła : short po open d0+1, wyjście po close d0+14; koszt 0.070% × 2; funding realny (short dostaje dodatni); likwidacja izolowana przy wzroście ≥ 1/L − 0.025 (dzienne maksima)
klastry: miesiąc listingu (zdarzenia nakładają się i są skorelowane)

1. KRYTERIUM — średni P&L shorta 1× na zdarzenie (% nominału), CI klastrowe (miesiąc listingu)
  n 569 (nierozliczalne 0), klastrów 62 | średnia +2.12% [-2.68; +6.93] | mediana +13.54% | sd 47.0% | t +0.87 (iid +1.08, efekt klastrów ×1.55)
  >>> ODCZYT KRYTERIUM NL1: NIEROZSTRZYGNIĘTY — CI obejmuje zero

2. DEKOMPOZYCJA (1×) i rozkład
  średnio: cena +3.41% (short zyskuje na spadku), funding -1.15%, koszt 0.14%
  udział zdarzeń z zyskiem 65.6% | p05 -100.5%, p25 -10.8%, p75 +33.7%, p95 +57.8%, min -122.8%, max +80.3%
  funding w oknie: mediana +0.31%, udział zdarzeń, w których short PŁACI netto: 41.1%, p05 -12.01%
     rok |    n |  średnia |  mediana | % zysk. |        Σ
    2021 |   47 |   -3.49% |   +3.66% |   59.6% |    -164%
    2022 |   22 |  +11.45% |  +16.01% |   77.3% |    +252%
    2023 |   91 |   +1.96% |  +11.24% |   69.2% |    +178%
    2024 |  131 |   -1.32% |  +10.01% |   59.5% |    -173%
    2025 |  239 |   +4.49% |  +17.33% |   68.6% |   +1074%
    2026 |   39 |   +1.06% |  +21.98% |   59.0% |     +42%

3. OPISOWO (0 wariantów) — dźwignia izolowana 2× i 3×, rynek (BTC) w tych samych oknach
  2×: likwidacja przy wzroście ≥ 47.5% — zlikwidowanych 27.9% zdarzeń; P&L na nominał +2.31% [-2.05; +6.67] → na depozyt ×2: +4.6%, mediana na depozyt +22.5%
  3×: likwidacja przy wzroście ≥ 30.8% — zlikwidowanych 41.5% zdarzeń; P&L na nominał +0.95% [-2.23; +4.13] → na depozyt ×3: +2.9%, mediana na depozyt +10.9%
  BTC w tych samych oknach: średnio +1.44%; short alt + long BTC (równy nominał): +3.57% [-0.53; +7.66]
  równoczesne pozycje: mediana 3, p90 10, max 19 (przy równym nominale na zdarzenie kapitał dzieli się na tyle pozycji)
========================================================================================================
czas: 3s
